// Jest Snapshot v1, https://goo.gl/fbAQLP

exports[`Mac0 should properly verify the hmac 1`] = `
{
  "decoded": Mac0 {
    "encodedProtectedHeader": {
      "data": [
        161,
        1,
        5,
      ],
      "type": "Buffer",
    },
    "payload": {
      "data": [
        84,
        104,
        105,
        115,
        32,
        105,
        115,
        32,
        116,
        104,
        101,
        32,
        99,
        111,
        110,
        116,
        101,
        110,
        116,
        46,
      ],
      "type": "Buffer",
    },
    "tag": {
      "data": [
        161,
        168,
        72,
        211,
        71,
        31,
        157,
        97,
        238,
        73,
        1,
        141,
        36,
        76,
        130,
        71,
        114,
        242,
        35,
        173,
        79,
        147,
        82,
        147,
        241,
        120,
        159,
        195,
        160,
        141,
        140,
        88,
      ],
      "type": "Buffer",
    },
    "unprotectedHeader": Map {},
  },
  "isValid": true,
}
`;
